// Jest Snapshot v1, https://goo.gl/fbAQLP

exports[`renders without crashing 1`] = `
<div>
  <Card
    email="Sincere23@april.biz"
    id={1}
    key="0"
    name="Leanne Graham"
  />
</div>
`;
